// Vitest Snapshot v1, https://vitest.dev/guide/snapshot.html

exports[`AuthWith > should auth with oAuth2.0 (google) 1`] = `
[MockFunction spy] {
  "calls": [
    [],
  ],
  "results": [
    {
      "type": "return",
      "value": undefined,
    },
  ],
}
`;
